2026-01-12 15:45:11 | INFO | poem_bot | Processing status updates started
2026-01-12 15:45:11 | INFO | poem_bot | Status check started
2026-01-12 15:45:36 | INFO | poem_bot | Processing status updates started
2026-01-12 15:45:36 | INFO | poem_bot | Status check started
2026-01-12 15:56:04 | INFO | poem_bot | Processing status updates started
2026-01-12 15:56:04 | INFO | poem_bot | Status check started
2026-01-12 15:56:38 | INFO | poem_bot | Processing status updates started
2026-01-12 15:56:38 | INFO | poem_bot | Status check started
2026-01-12 15:56:41 | INFO | poem_bot | Fetched 0 rows from Google Sheets
2026-01-12 15:56:41 | INFO | poem_bot | Status check finished
2026-01-12 15:56:41 | INFO | poem_bot | Found 0 updates to process
2026-01-12 15:56:41 | INFO | poem_bot | Processing status updates finished
2026-01-12 15:57:41 | INFO | poem_bot | Processing status updates started
2026-01-12 15:57:41 | INFO | poem_bot | Status check started
2026-01-12 15:57:44 | INFO | poem_bot | Fetched 0 rows from Google Sheets
2026-01-12 15:57:44 | INFO | poem_bot | Status check finished
2026-01-12 15:57:44 | INFO | poem_bot | Found 0 updates to process
2026-01-12 15:57:44 | INFO | poem_bot | Processing status updates finished
2026-01-12 15:58:44 | INFO | poem_bot | Processing status updates started
2026-01-12 15:58:44 | INFO | poem_bot | Status check started
2026-01-12 15:58:47 | INFO | poem_bot | Fetched 0 rows from Google Sheets
2026-01-12 15:58:47 | INFO | poem_bot | Status check finished
2026-01-12 15:58:47 | INFO | poem_bot | Found 0 updates to process
2026-01-12 15:58:47 | INFO | poem_bot | Processing status updates finished
2026-01-12 15:59:47 | INFO | poem_bot | Processing status updates started
2026-01-12 15:59:47 | INFO | poem_bot | Status check started
2026-01-12 15:59:50 | INFO | poem_bot | Fetched 0 rows from Google Sheets
2026-01-12 15:59:50 | INFO | poem_bot | Status check finished
2026-01-12 15:59:50 | INFO | poem_bot | Found 0 updates to process
2026-01-12 15:59:50 | INFO | poem_bot | Processing status updates finished
2026-01-12 16:00:50 | INFO | poem_bot | Processing status updates started
2026-01-12 16:00:50 | INFO | poem_bot | Status check started
2026-01-12 16:00:52 | INFO | poem_bot | Fetched 0 rows from Google Sheets
2026-01-12 16:00:52 | INFO | poem_bot | Status check finished
2026-01-12 16:00:52 | INFO | poem_bot | Found 0 updates to process
2026-01-12 16:00:52 | INFO | poem_bot | Processing status updates finished
2026-01-12 16:01:52 | INFO | poem_bot | Processing status updates started
2026-01-12 16:01:52 | INFO | poem_bot | Status check started
2026-01-12 16:01:56 | INFO | poem_bot | Fetched 0 rows from Google Sheets
2026-01-12 16:01:56 | INFO | poem_bot | Status check finished
2026-01-12 16:01:56 | INFO | poem_bot | Found 0 updates to process
2026-01-12 16:01:56 | INFO | poem_bot | Processing status updates finished
2026-01-12 16:02:56 | INFO | poem_bot | Processing status updates started
2026-01-12 16:02:56 | INFO | poem_bot | Status check started
2026-01-12 16:02:58 | INFO | poem_bot | Fetched 0 rows from Google Sheets
2026-01-12 16:02:58 | INFO | poem_bot | Status check finished
2026-01-12 16:02:58 | INFO | poem_bot | Found 0 updates to process
2026-01-12 16:02:58 | INFO | poem_bot | Processing status updates finished
2026-01-12 16:03:58 | INFO | poem_bot | Processing status updates started
2026-01-12 16:03:58 | INFO | poem_bot | Status check started
2026-01-12 16:04:00 | INFO | poem_bot | Fetched 0 rows from Google Sheets
2026-01-12 16:04:00 | INFO | poem_bot | Status check finished
2026-01-12 16:04:00 | INFO | poem_bot | Found 0 updates to process
2026-01-12 16:04:00 | INFO | poem_bot | Processing status updates finished
2026-01-12 16:05:25 | INFO | poem_bot | Processing status updates started
2026-01-12 16:05:25 | INFO | poem_bot | Status check started
2026-01-12 16:05:36 | INFO | poem_bot | Bot started 🚀
2026-01-12 16:07:06 | INFO | poem_bot | Processing status updates started
2026-01-12 16:07:06 | INFO | poem_bot | Status check started
2026-01-12 16:16:18 | INFO | poem_bot | Processing status updates started
2026-01-12 16:16:18 | INFO | poem_bot | Status check started
2026-01-12 16:16:21 | INFO | poem_bot | Fetched 0 rows from Google Sheets
2026-01-12 16:16:21 | INFO | poem_bot | Status check finished
2026-01-12 16:16:21 | INFO | poem_bot | Found 0 updates to process
2026-01-12 16:16:21 | INFO | poem_bot | Processing status updates finished
2026-01-12 16:16:36 | INFO | poem_bot | Bot started 🚀
2026-01-12 16:16:49 | INFO | poem_bot | Submission appended to Google Sheets
2026-01-12 16:17:21 | INFO | poem_bot | Processing status updates started
2026-01-12 16:17:21 | INFO | poem_bot | Status check started
2026-01-12 16:17:25 | INFO | poem_bot | Fetched 1 rows from Google Sheets
2026-01-12 16:17:25 | INFO | poem_bot | Status check finished
2026-01-12 16:17:25 | INFO | poem_bot | Found 0 updates to process
2026-01-12 16:17:25 | INFO | poem_bot | Processing status updates finished
2026-01-12 16:18:25 | INFO | poem_bot | Processing status updates started
2026-01-12 16:18:25 | INFO | poem_bot | Status check started
2026-01-12 16:18:28 | INFO | poem_bot | Fetched 1 rows from Google Sheets
2026-01-12 16:18:28 | INFO | poem_bot | Row 2 ready for notification (user_id=8590711455, status=accepted)
2026-01-12 16:18:28 | INFO | poem_bot | Status check finished
2026-01-12 16:18:28 | INFO | poem_bot | Found 1 updates to process
2026-01-12 16:18:28 | INFO | poem_bot | Sending status notification to user_id=8590711455 (status=accepted)
2026-01-12 16:18:28 | INFO | poem_bot | Message successfully sent to user_id=8590711455
2026-01-12 16:18:32 | INFO | poem_bot | decision_date updated for row 2
2026-01-12 16:18:33 | WARNING | poem_bot | Duplicate content detected, skipping insert
2026-01-12 16:18:35 | INFO | poem_bot | Processing status updates finished
2026-01-12 16:19:35 | INFO | poem_bot | Processing status updates started
2026-01-12 16:19:35 | INFO | poem_bot | Status check started
2026-01-12 16:19:37 | INFO | poem_bot | Fetched 1 rows from Google Sheets
2026-01-12 16:19:37 | INFO | poem_bot | Status check finished
2026-01-12 16:19:37 | INFO | poem_bot | Found 0 updates to process
2026-01-12 16:19:37 | INFO | poem_bot | Processing status updates finished
2026-01-12 16:19:44 | INFO | poem_bot | Submission appended to Google Sheets
2026-01-12 16:20:37 | INFO | poem_bot | Processing status updates started
2026-01-12 16:20:37 | INFO | poem_bot | Status check started
2026-01-12 16:20:39 | INFO | poem_bot | Fetched 2 rows from Google Sheets
2026-01-12 16:20:39 | INFO | poem_bot | Row 3 ready for notification (user_id=8590711455, status=rejected)
2026-01-12 16:20:39 | INFO | poem_bot | Status check finished
2026-01-12 16:20:39 | INFO | poem_bot | Found 1 updates to process
2026-01-12 16:20:39 | INFO | poem_bot | Sending status notification to user_id=8590711455 (status=rejected)
2026-01-12 16:20:39 | INFO | poem_bot | Message successfully sent to user_id=8590711455
2026-01-12 16:20:42 | INFO | poem_bot | decision_date updated for row 3
2026-01-12 16:20:45 | INFO | poem_bot | Processing status updates finished
2026-01-14 18:57:51 | INFO | poem_bot | Processing status updates started
2026-01-14 18:57:51 | INFO | poem_bot | Status check started
2026-01-14 18:57:54 | INFO | poem_bot | Fetched 13 rows from Google Sheets
2026-01-14 18:57:54 | INFO | poem_bot | Status check finished
2026-01-14 18:57:54 | INFO | poem_bot | Found 0 updates to process
2026-01-14 18:57:54 | INFO | poem_bot | Processing status updates finished
2026-01-14 18:58:54 | INFO | poem_bot | Processing status updates started
2026-01-14 18:58:54 | INFO | poem_bot | Status check started
2026-01-14 18:58:58 | INFO | poem_bot | Fetched 13 rows from Google Sheets
2026-01-14 18:58:58 | INFO | poem_bot | Row 14 ready for notification (user_id=8590711455, status=rejected)
2026-01-14 18:58:58 | INFO | poem_bot | Status check finished
2026-01-14 18:58:58 | INFO | poem_bot | Found 1 updates to process
2026-01-14 18:58:58 | INFO | poem_bot | Sending status notification to user_id=8590711455 (status=rejected)
2026-01-14 18:58:58 | INFO | poem_bot | Message successfully sent to user_id=8590711455
2026-01-14 18:59:01 | INFO | poem_bot | decision_date updated for row 14
2026-01-14 18:59:04 | INFO | poem_bot | Processing status updates finished
2026-01-27 03:22:16 | INFO | poem_bot | Processing status updates started
2026-01-27 03:22:16 | INFO | poem_bot | Status check started
2026-01-27 03:22:20 | INFO | poem_bot | Fetched 15 rows from Google Sheets
2026-01-27 03:22:20 | WARNING | poem_bot | Row 10 skipped: missing user_id
2026-01-27 03:22:20 | INFO | poem_bot | Status check finished
2026-01-27 03:22:20 | INFO | poem_bot | Found 0 updates to process
2026-01-27 03:22:20 | INFO | poem_bot | Processing status updates finished
2026-01-27 03:23:26 | INFO | poem_bot | Processing status updates started
2026-01-27 03:23:26 | INFO | poem_bot | Status check started
2026-01-27 03:23:29 | INFO | poem_bot | Fetched 14 rows from Google Sheets
2026-01-27 03:23:29 | WARNING | poem_bot | Row 10 skipped: missing user_id
2026-01-27 03:23:29 | INFO | poem_bot | Status check finished
2026-01-27 03:23:29 | INFO | poem_bot | Found 0 updates to process
2026-01-27 03:23:29 | INFO | poem_bot | Processing status updates finished
2026-01-27 03:26:28 | INFO | poem_bot | Processing status updates started
2026-01-27 03:26:28 | INFO | poem_bot | Status check started
2026-01-27 03:26:31 | INFO | poem_bot | Fetched 14 rows from Google Sheets
2026-01-27 03:26:31 | WARNING | poem_bot | Row 10 skipped: missing user_id
2026-01-27 03:26:31 | INFO | poem_bot | Status check finished
2026-01-27 03:26:31 | INFO | poem_bot | Found 0 updates to process
2026-01-27 03:26:31 | INFO | poem_bot | Processing status updates finished
2026-01-27 03:26:40 | INFO | poem_bot | Bot started 🚀
2026-01-27 03:26:55 | INFO | poem_bot | Bot started 🚀
2026-01-27 03:28:35 | INFO | poem_bot | Processing status updates started
2026-01-27 03:28:35 | INFO | poem_bot | Status check started
2026-01-27 03:28:39 | INFO | poem_bot | Fetched 14 rows from Google Sheets
2026-01-27 03:28:39 | WARNING | poem_bot | Row 10 skipped: missing user_id
2026-01-27 03:28:39 | INFO | poem_bot | Status check finished
2026-01-27 03:28:39 | INFO | poem_bot | Found 0 updates to process
2026-01-27 03:28:39 | INFO | poem_bot | Processing status updates finished
2026-01-27 03:28:50 | INFO | poem_bot | Bot started 🚀
2026-01-29 20:41:35 | INFO | poem_bot | Processing status updates started
2026-01-29 20:41:35 | INFO | poem_bot | Status check started
2026-01-29 20:41:39 | INFO | poem_bot | Fetched 22 rows from Google Sheets
2026-01-29 20:41:39 | WARNING | poem_bot | Row 10 skipped: missing user_id
2026-01-29 20:41:39 | INFO | poem_bot | Status check finished
2026-01-29 20:41:39 | INFO | poem_bot | Found 0 updates to process
2026-01-29 20:41:39 | INFO | poem_bot | Processing status updates finished
2026-01-29 20:42:06 | INFO | poem_bot | Bot started 🚀
2026-01-29 20:42:16 | INFO | poem_bot | Bot started 🚀
2026-01-29 20:42:43 | INFO | poem_bot | Processing status updates started
2026-01-29 20:42:43 | INFO | poem_bot | Status check started
2026-01-29 20:42:46 | INFO | poem_bot | Fetched 22 rows from Google Sheets
2026-01-29 20:42:46 | WARNING | poem_bot | Row 10 skipped: missing user_id
2026-01-29 20:42:46 | INFO | poem_bot | Status check finished
2026-01-29 20:42:46 | INFO | poem_bot | Found 0 updates to process
2026-01-29 20:42:46 | INFO | poem_bot | Processing status updates finished
2026-01-29 20:42:53 | INFO | poem_bot | Bot started 🚀
2026-01-29 20:43:20 | INFO | poem_bot | Bot started 🚀
2026-01-29 20:44:01 | INFO | poem_bot | Processing status updates started
2026-01-29 20:44:01 | INFO | poem_bot | Status check started
2026-01-29 20:44:05 | INFO | poem_bot | Fetched 22 rows from Google Sheets
2026-01-29 20:44:05 | WARNING | poem_bot | Row 10 skipped: missing user_id
2026-01-29 20:44:05 | INFO | poem_bot | Status check finished
2026-01-29 20:44:05 | INFO | poem_bot | Found 0 updates to process
2026-01-29 20:44:05 | INFO | poem_bot | Processing status updates finished
2026-01-29 20:44:44 | INFO | poem_bot | Processing status updates started
2026-01-29 20:44:44 | INFO | poem_bot | Status check started
2026-01-29 20:44:47 | INFO | poem_bot | Fetched 22 rows from Google Sheets
2026-01-29 20:44:47 | WARNING | poem_bot | Row 10 skipped: missing user_id
2026-01-29 20:44:47 | INFO | poem_bot | Status check finished
2026-01-29 20:44:47 | INFO | poem_bot | Found 0 updates to process
2026-01-29 20:44:47 | INFO | poem_bot | Processing status updates finished
2026-01-29 20:45:20 | INFO | poem_bot | Bot started 🚀
2026-01-29 20:50:59 | INFO | poem_bot | Processing status updates started
2026-01-29 20:50:59 | INFO | poem_bot | Status check started
2026-01-29 20:51:04 | INFO | poem_bot | Fetched 22 rows from Google Sheets
2026-01-29 20:51:04 | WARNING | poem_bot | Row 10 skipped: missing user_id
2026-01-29 20:51:04 | INFO | poem_bot | Status check finished
2026-01-29 20:51:04 | INFO | poem_bot | Found 0 updates to process
2026-01-29 20:51:04 | INFO | poem_bot | Processing status updates finished
2026-01-29 20:51:13 | INFO | poem_bot | Bot started 🚀
2026-01-29 20:58:53 | INFO | poem_bot | Processing status updates started
2026-01-29 20:58:53 | INFO | poem_bot | Status check started
2026-01-29 20:58:57 | INFO | poem_bot | Fetched 22 rows from Google Sheets
2026-01-29 20:58:57 | WARNING | poem_bot | Row 10 skipped: missing user_id
2026-01-29 20:58:57 | INFO | poem_bot | Status check finished
2026-01-29 20:58:57 | INFO | poem_bot | Found 0 updates to process
2026-01-29 20:58:57 | INFO | poem_bot | Processing status updates finished
2026-01-29 20:59:51 | INFO | poem_bot | Processing status updates started
2026-01-29 20:59:51 | INFO | poem_bot | Status check started
2026-01-29 20:59:55 | INFO | poem_bot | Fetched 22 rows from Google Sheets
2026-01-29 20:59:55 | WARNING | poem_bot | Row 10 skipped: missing user_id
2026-01-29 20:59:55 | INFO | poem_bot | Status check finished
2026-01-29 20:59:55 | INFO | poem_bot | Found 0 updates to process
2026-01-29 20:59:55 | INFO | poem_bot | Processing status updates finished
2026-01-29 21:01:43 | INFO | poem_bot | Processing status updates started
2026-01-29 21:01:43 | INFO | poem_bot | Status check started
2026-01-29 21:01:46 | INFO | poem_bot | Fetched 22 rows from Google Sheets
2026-01-29 21:01:46 | WARNING | poem_bot | Row 10 skipped: missing user_id
2026-01-29 21:01:46 | INFO | poem_bot | Status check finished
2026-01-29 21:01:46 | INFO | poem_bot | Found 0 updates to process
2026-01-29 21:01:46 | INFO | poem_bot | Processing status updates finished
2026-01-29 21:07:13 | INFO | poem_bot | Processing status updates started
2026-01-29 21:07:13 | INFO | poem_bot | Status check started
2026-01-29 21:07:17 | INFO | poem_bot | Fetched 22 rows from Google Sheets
2026-01-29 21:07:17 | WARNING | poem_bot | Row 10 skipped: missing user_id
2026-01-29 21:07:17 | INFO | poem_bot | Status check finished
2026-01-29 21:07:17 | INFO | poem_bot | Found 0 updates to process
2026-01-29 21:07:17 | INFO | poem_bot | Processing status updates finished
2026-01-29 21:08:52 | INFO | poem_bot | Processing status updates started
2026-01-29 21:08:52 | INFO | poem_bot | Status check started
2026-01-29 21:08:56 | INFO | poem_bot | Fetched 22 rows from Google Sheets
2026-01-29 21:08:56 | WARNING | poem_bot | Row 10 skipped: missing user_id
2026-01-29 21:08:56 | INFO | poem_bot | Status check finished
2026-01-29 21:08:56 | INFO | poem_bot | Found 0 updates to process
2026-01-29 21:08:56 | INFO | poem_bot | Processing status updates finished
2026-01-29 21:11:58 | INFO | poem_bot | Processing status updates started
2026-01-29 21:11:58 | INFO | poem_bot | Status check started
2026-01-29 21:12:01 | INFO | poem_bot | Fetched 22 rows from Google Sheets
2026-01-29 21:12:01 | WARNING | poem_bot | Row 10 skipped: missing user_id
2026-01-29 21:12:01 | INFO | poem_bot | Status check finished
2026-01-29 21:12:01 | INFO | poem_bot | Found 0 updates to process
2026-01-29 21:12:01 | INFO | poem_bot | Processing status updates finished
2026-01-29 21:13:40 | INFO | poem_bot | Bot started 🚀
2026-01-29 21:23:56 | INFO | poem_bot | Admin router loaded: Router '0x1f99d65bcb0'
2026-01-29 21:23:56 | INFO | poem_bot | User router loaded: Router '0x1f99d65a120'
2026-01-29 21:23:57 | INFO | poem_bot | Processing status updates started
2026-01-29 21:23:57 | INFO | poem_bot | Status check started
2026-01-29 21:24:01 | INFO | poem_bot | Fetched 22 rows from Google Sheets
2026-01-29 21:24:01 | WARNING | poem_bot | Row 10 skipped: missing user_id
2026-01-29 21:24:01 | INFO | poem_bot | Status check finished
2026-01-29 21:24:01 | INFO | poem_bot | Found 0 updates to process
2026-01-29 21:24:01 | INFO | poem_bot | Processing status updates finished
2026-01-29 21:28:43 | INFO | poem_bot | Admin router loaded: Router '0x1e496ecbcb0'
2026-01-29 21:28:43 | INFO | poem_bot | User router loaded: Router '0x1e496eca120'
2026-01-29 21:28:44 | INFO | poem_bot | Processing status updates started
2026-01-29 21:28:44 | INFO | poem_bot | Status check started
2026-01-29 21:28:47 | INFO | poem_bot | Fetched 22 rows from Google Sheets
2026-01-29 21:28:47 | WARNING | poem_bot | Row 10 skipped: missing user_id
2026-01-29 21:28:47 | INFO | poem_bot | Status check finished
2026-01-29 21:28:47 | INFO | poem_bot | Found 0 updates to process
2026-01-29 21:28:47 | INFO | poem_bot | Processing status updates finished
2026-01-29 21:32:43 | INFO | poem_bot | Admin router loaded: Router '0x19f2236bcb0'
2026-01-29 21:32:43 | INFO | poem_bot | User router loaded: Router '0x19f2236a120'
2026-01-29 21:32:44 | INFO | poem_bot | Processing status updates started
2026-01-29 21:32:44 | INFO | poem_bot | Status check started
2026-01-29 21:32:47 | INFO | poem_bot | Fetched 22 rows from Google Sheets
2026-01-29 21:32:47 | WARNING | poem_bot | Row 10 skipped: missing user_id
2026-01-29 21:32:47 | INFO | poem_bot | Status check finished
2026-01-29 21:32:47 | INFO | poem_bot | Found 0 updates to process
2026-01-29 21:32:47 | INFO | poem_bot | Processing status updates finished
2026-01-29 21:35:59 | INFO | poem_bot | Admin router loaded: Router '0x17b4c72bcb0'
2026-01-29 21:35:59 | INFO | poem_bot | User router loaded: Router '0x17b4c72a120'
2026-01-29 21:35:59 | INFO | poem_bot | Processing status updates started
2026-01-29 21:35:59 | INFO | poem_bot | Status check started
2026-01-29 21:36:03 | INFO | poem_bot | Fetched 22 rows from Google Sheets
2026-01-29 21:36:03 | WARNING | poem_bot | Row 10 skipped: missing user_id
2026-01-29 21:36:03 | INFO | poem_bot | Status check finished
2026-01-29 21:36:03 | INFO | poem_bot | Found 0 updates to process
2026-01-29 21:36:03 | INFO | poem_bot | Processing status updates finished
2026-01-30 22:50:13 | INFO | poem_bot | Admin router loaded: Router '0x26629d0bcb0'
2026-01-30 22:50:13 | INFO | poem_bot | User router loaded: Router '0x26629d0a120'
2026-01-30 22:50:13 | INFO | poem_bot | Processing status updates started
2026-01-30 22:50:13 | INFO | poem_bot | Status check started
2026-01-30 22:50:17 | INFO | poem_bot | Fetched 23 rows from Google Sheets
2026-01-30 22:50:17 | WARNING | poem_bot | Row 10 skipped: missing user_id
2026-01-30 22:50:17 | INFO | poem_bot | Status check finished
2026-01-30 22:50:17 | INFO | poem_bot | Found 0 updates to process
2026-01-30 22:50:17 | INFO | poem_bot | Processing status updates finished
2026-01-30 22:50:20 | INFO | poem_bot | Bot started 🚀
2026-01-30 22:51:12 | INFO | poem_bot | Admin router loaded: Router '0x267f497bcb0'
2026-01-30 22:51:12 | INFO | poem_bot | User router loaded: Router '0x267f497a120'
2026-01-30 22:51:13 | INFO | poem_bot | Processing status updates started
2026-01-30 22:51:13 | INFO | poem_bot | Status check started
2026-01-30 22:51:16 | INFO | poem_bot | Fetched 23 rows from Google Sheets
2026-01-30 22:51:16 | WARNING | poem_bot | Row 10 skipped: missing user_id
2026-01-30 22:51:16 | INFO | poem_bot | Status check finished
2026-01-30 22:51:16 | INFO | poem_bot | Found 0 updates to process
2026-01-30 22:51:16 | INFO | poem_bot | Processing status updates finished
2026-01-30 23:05:58 | INFO | poem_bot | Admin router loaded: Router '0x1fa9a907cb0'
2026-01-30 23:05:58 | INFO | poem_bot | User router loaded: Router '0x1fa9a906120'
2026-01-30 23:05:58 | INFO | poem_bot | Processing status updates started
2026-01-30 23:05:58 | INFO | poem_bot | Status check started
2026-01-30 23:06:02 | INFO | poem_bot | Fetched 23 rows from Google Sheets
2026-01-30 23:06:02 | WARNING | poem_bot | Row 10 skipped: missing user_id
2026-01-30 23:06:02 | INFO | poem_bot | Status check finished
2026-01-30 23:06:02 | INFO | poem_bot | Found 0 updates to process
2026-01-30 23:06:02 | INFO | poem_bot | Processing status updates finished
2026-01-30 23:10:23 | INFO | poem_bot | Admin router loaded: Router '0x22b9aa97cb0'
2026-01-30 23:10:23 | INFO | poem_bot | User router loaded: Router '0x22b9aa96120'
2026-01-30 23:10:23 | INFO | poem_bot | Processing status updates started
2026-01-30 23:10:23 | INFO | poem_bot | Status check started
2026-01-30 23:10:27 | INFO | poem_bot | Fetched 23 rows from Google Sheets
2026-01-30 23:10:27 | WARNING | poem_bot | Row 10 skipped: missing user_id
2026-01-30 23:10:27 | INFO | poem_bot | Status check finished
2026-01-30 23:10:27 | INFO | poem_bot | Found 0 updates to process
2026-01-30 23:10:27 | INFO | poem_bot | Processing status updates finished
2026-01-30 23:12:26 | INFO | poem_bot | Admin router loaded: Router '0x1a3c275bcb0'
2026-01-30 23:12:26 | INFO | poem_bot | User router loaded: Router '0x1a3c275a120'
2026-01-30 23:12:27 | INFO | poem_bot | Processing status updates started
2026-01-30 23:12:27 | INFO | poem_bot | Status check started
2026-01-30 23:12:30 | INFO | poem_bot | Fetched 23 rows from Google Sheets
2026-01-30 23:12:30 | WARNING | poem_bot | Row 10 skipped: missing user_id
2026-01-30 23:12:30 | INFO | poem_bot | Status check finished
2026-01-30 23:12:30 | INFO | poem_bot | Found 0 updates to process
2026-01-30 23:12:30 | INFO | poem_bot | Processing status updates finished
2026-01-30 23:21:26 | INFO | poem_bot | Admin router loaded: Router '0x245fb53bcb0'
2026-01-30 23:21:26 | INFO | poem_bot | User router loaded: Router '0x245fb53a120'
2026-01-30 23:21:26 | INFO | poem_bot | Processing status updates started
2026-01-30 23:21:26 | INFO | poem_bot | Status check started
2026-01-30 23:21:30 | INFO | poem_bot | Fetched 23 rows from Google Sheets
2026-01-30 23:21:30 | WARNING | poem_bot | Row 10 skipped: missing user_id
2026-01-30 23:21:30 | INFO | poem_bot | Status check finished
2026-01-30 23:21:30 | INFO | poem_bot | Found 0 updates to process
2026-01-30 23:21:30 | INFO | poem_bot | Processing status updates finished
2026-01-30 23:22:03 | INFO | poem_bot | Admin router loaded: Router '0x1968d3abcb0'
2026-01-30 23:22:03 | INFO | poem_bot | User router loaded: Router '0x1968d3aa120'
2026-01-30 23:22:04 | INFO | poem_bot | Processing status updates started
2026-01-30 23:22:04 | INFO | poem_bot | Status check started
2026-01-30 23:22:07 | INFO | poem_bot | Fetched 23 rows from Google Sheets
2026-01-30 23:22:07 | WARNING | poem_bot | Row 10 skipped: missing user_id
2026-01-30 23:22:07 | INFO | poem_bot | Status check finished
2026-01-30 23:22:07 | INFO | poem_bot | Found 0 updates to process
2026-01-30 23:22:07 | INFO | poem_bot | Processing status updates finished
2026-01-30 23:28:38 | INFO | poem_bot | Panel router loaded: Router '0x1623ec6bcb0'
2026-01-30 23:28:38 | INFO | poem_bot | Media router loaded: Router '0x1623ed34050'
2026-01-30 23:28:38 | INFO | poem_bot | User router loaded: Router '0x1623ec6a120'
2026-01-30 23:28:38 | INFO | poem_bot | Processing status updates started
2026-01-30 23:28:38 | INFO | poem_bot | Status check started
2026-01-30 23:28:42 | INFO | poem_bot | Fetched 23 rows from Google Sheets
2026-01-30 23:28:42 | WARNING | poem_bot | Row 10 skipped: missing user_id
2026-01-30 23:28:42 | INFO | poem_bot | Status check finished
2026-01-30 23:28:42 | INFO | poem_bot | Found 0 updates to process
2026-01-30 23:28:42 | INFO | poem_bot | Processing status updates finished
2026-01-30 23:29:32 | INFO | poem_bot | Admin clicked view images
2026-01-30 23:30:32 | INFO | poem_bot | Panel router loaded: Router '0x27ac3e6bcb0'
2026-01-30 23:30:32 | INFO | poem_bot | Media router loaded: Router '0x27ac3e6be00'
2026-01-30 23:30:32 | INFO | poem_bot | User router loaded: Router '0x27ac3e6a120'
2026-01-30 23:30:32 | INFO | poem_bot | Processing status updates started
2026-01-30 23:30:32 | INFO | poem_bot | Status check started
2026-01-30 23:30:35 | INFO | poem_bot | Fetched 23 rows from Google Sheets
2026-01-30 23:30:35 | WARNING | poem_bot | Row 10 skipped: missing user_id
2026-01-30 23:30:35 | INFO | poem_bot | Status check finished
2026-01-30 23:30:35 | INFO | poem_bot | Found 0 updates to process
2026-01-30 23:30:35 | INFO | poem_bot | Processing status updates finished
2026-01-30 23:30:47 | INFO | poem_bot | Admin clicked view images
2026-01-30 23:32:34 | INFO | poem_bot | Panel router loaded: Router '0x21abae5bcb0'
2026-01-30 23:32:34 | INFO | poem_bot | Media router loaded: Router '0x21abae5be00'
2026-01-30 23:32:34 | INFO | poem_bot | User router loaded: Router '0x21abae5a120'
2026-01-30 23:32:34 | INFO | poem_bot | Processing status updates started
2026-01-30 23:32:34 | INFO | poem_bot | Status check started
2026-01-30 23:32:38 | INFO | poem_bot | Fetched 23 rows from Google Sheets
2026-01-30 23:32:38 | WARNING | poem_bot | Row 10 skipped: missing user_id
2026-01-30 23:32:38 | INFO | poem_bot | Status check finished
2026-01-30 23:32:38 | INFO | poem_bot | Found 0 updates to process
2026-01-30 23:32:38 | INFO | poem_bot | Processing status updates finished
2026-01-30 23:32:41 | INFO | poem_bot | Admin clicked view images
2026-01-30 23:32:53 | INFO | poem_bot | Admin clicked view images
2026-01-30 23:33:30 | INFO | poem_bot | Panel router loaded: Router '0x2556c73bcb0'
2026-01-30 23:33:30 | INFO | poem_bot | Media router loaded: Router '0x2556c73be00'
2026-01-30 23:33:30 | INFO | poem_bot | User router loaded: Router '0x2556c73a120'
2026-01-30 23:33:31 | INFO | poem_bot | Processing status updates started
2026-01-30 23:33:31 | INFO | poem_bot | Status check started
2026-01-30 23:33:34 | INFO | poem_bot | Fetched 23 rows from Google Sheets
2026-01-30 23:33:34 | WARNING | poem_bot | Row 10 skipped: missing user_id
2026-01-30 23:33:34 | INFO | poem_bot | Status check finished
2026-01-30 23:33:34 | INFO | poem_bot | Found 0 updates to process
2026-01-30 23:33:34 | INFO | poem_bot | Processing status updates finished
2026-01-30 23:33:37 | INFO | poem_bot | Admin clicked view images
2026-01-30 23:37:12 | INFO | poem_bot | Panel router loaded: Router '0x1bc0cbbbcb0'
2026-01-30 23:37:12 | INFO | poem_bot | Media router loaded: Router '0x1bc0cbbbe00'
2026-01-30 23:37:12 | INFO | poem_bot | User router loaded: Router '0x1bc0cbba120'
2026-01-30 23:37:12 | INFO | poem_bot | Processing status updates started
2026-01-30 23:37:12 | INFO | poem_bot | Status check started
2026-01-30 23:37:16 | INFO | poem_bot | Fetched 23 rows from Google Sheets
2026-01-30 23:37:16 | WARNING | poem_bot | Row 10 skipped: missing user_id
2026-01-30 23:37:16 | INFO | poem_bot | Status check finished
2026-01-30 23:37:16 | INFO | poem_bot | Found 0 updates to process
2026-01-30 23:37:16 | INFO | poem_bot | Processing status updates finished
2026-01-30 23:37:19 | INFO | poem_bot | Admin clicked view images
2026-01-30 23:38:10 | INFO | poem_bot | Panel router loaded: Router '0x21df8e3bcb0'
2026-01-30 23:38:10 | INFO | poem_bot | Media router loaded: Router '0x21df8e3be00'
2026-01-30 23:38:10 | INFO | poem_bot | User router loaded: Router '0x21df8e3a120'
2026-01-30 23:38:11 | INFO | poem_bot | Processing status updates started
2026-01-30 23:38:11 | INFO | poem_bot | Status check started
2026-01-30 23:38:14 | INFO | poem_bot | Fetched 23 rows from Google Sheets
2026-01-30 23:38:14 | WARNING | poem_bot | Row 10 skipped: missing user_id
2026-01-30 23:38:14 | INFO | poem_bot | Status check finished
2026-01-30 23:38:14 | INFO | poem_bot | Found 0 updates to process
2026-01-30 23:38:14 | INFO | poem_bot | Processing status updates finished
2026-01-30 23:38:20 | INFO | poem_bot | Admin clicked view images
2026-01-30 23:38:56 | INFO | poem_bot | Panel router loaded: Router '0x23acd2e7cb0'
2026-01-30 23:38:56 | INFO | poem_bot | Media router loaded: Router '0x23acd2e7e00'
2026-01-30 23:38:56 | INFO | poem_bot | User router loaded: Router '0x23acd2e6120'
2026-01-30 23:38:57 | INFO | poem_bot | Processing status updates started
2026-01-30 23:38:57 | INFO | poem_bot | Status check started
2026-01-30 23:39:00 | INFO | poem_bot | Fetched 23 rows from Google Sheets
2026-01-30 23:39:00 | WARNING | poem_bot | Row 10 skipped: missing user_id
2026-01-30 23:39:00 | INFO | poem_bot | Status check finished
2026-01-30 23:39:00 | INFO | poem_bot | Found 0 updates to process
2026-01-30 23:39:00 | INFO | poem_bot | Processing status updates finished
2026-01-30 23:39:06 | INFO | poem_bot | Admin clicked view images
2026-01-30 23:40:36 | INFO | poem_bot | Panel router loaded: Router '0x2b7cd44bcb0'
2026-01-30 23:40:36 | INFO | poem_bot | Media router loaded: Router '0x2b7cd44be00'
2026-01-30 23:40:36 | INFO | poem_bot | User router loaded: Router '0x2b7cd44a120'
2026-01-30 23:40:37 | INFO | poem_bot | Processing status updates started
2026-01-30 23:40:37 | INFO | poem_bot | Status check started
2026-01-30 23:40:40 | INFO | poem_bot | Fetched 23 rows from Google Sheets
2026-01-30 23:40:40 | WARNING | poem_bot | Row 10 skipped: missing user_id
2026-01-30 23:40:40 | INFO | poem_bot | Status check finished
2026-01-30 23:40:40 | INFO | poem_bot | Found 0 updates to process
2026-01-30 23:40:40 | INFO | poem_bot | Processing status updates finished
2026-01-30 23:40:42 | INFO | poem_bot | Admin clicked view images
2026-01-30 23:41:45 | INFO | poem_bot | Panel router loaded: Router '0x1f9713bbcb0'
2026-01-30 23:41:45 | INFO | poem_bot | Media router loaded: Router '0x1f9713bbe00'
2026-01-30 23:41:45 | INFO | poem_bot | User router loaded: Router '0x1f9713ba120'
2026-01-30 23:41:46 | INFO | poem_bot | Processing status updates started
2026-01-30 23:41:46 | INFO | poem_bot | Status check started
2026-01-30 23:41:49 | INFO | poem_bot | Fetched 23 rows from Google Sheets
2026-01-30 23:41:49 | WARNING | poem_bot | Row 10 skipped: missing user_id
2026-01-30 23:41:49 | INFO | poem_bot | Status check finished
2026-01-30 23:41:49 | INFO | poem_bot | Found 0 updates to process
2026-01-30 23:41:49 | INFO | poem_bot | Processing status updates finished
2026-01-30 23:41:53 | INFO | poem_bot | Admin clicked view images
2026-01-30 23:42:33 | INFO | poem_bot | Panel router loaded: Router '0x263838fbcb0'
2026-01-30 23:42:33 | INFO | poem_bot | Media router loaded: Router '0x263838fbe00'
2026-01-30 23:42:33 | INFO | poem_bot | User router loaded: Router '0x263838fa120'
2026-01-30 23:42:33 | INFO | poem_bot | Processing status updates started
2026-01-30 23:42:33 | INFO | poem_bot | Status check started
2026-01-30 23:42:36 | INFO | poem_bot | Fetched 23 rows from Google Sheets
2026-01-30 23:42:36 | WARNING | poem_bot | Row 10 skipped: missing user_id
2026-01-30 23:42:36 | INFO | poem_bot | Status check finished
2026-01-30 23:42:36 | INFO | poem_bot | Found 0 updates to process
2026-01-30 23:42:36 | INFO | poem_bot | Processing status updates finished
2026-01-30 23:42:37 | INFO | poem_bot | Admin clicked view images
2026-01-30 23:46:00 | INFO | poem_bot | Bot started 🚀
2026-01-30 23:46:30 | INFO | poem_bot | Submission appended to Google Sheets
2026-01-30 23:46:41 | INFO | poem_bot | Admin clicked view images
2026-01-30 23:51:33 | INFO | poem_bot | Panel router loaded: Router '0x1ebac1bbcb0'
2026-01-30 23:51:33 | INFO | poem_bot | Media router loaded: Router '0x1ebac1bbe00'
2026-01-30 23:51:33 | INFO | poem_bot | User router loaded: Router '0x1ebac1ba120'
2026-01-30 23:51:34 | INFO | poem_bot | Processing status updates started
2026-01-30 23:51:34 | INFO | poem_bot | Status check started
2026-01-30 23:51:37 | INFO | poem_bot | Admin clicked view images
2026-01-30 23:51:38 | INFO | poem_bot | Fetched 24 rows from Google Sheets
2026-01-30 23:51:38 | WARNING | poem_bot | Row 10 skipped: missing user_id
2026-01-30 23:51:38 | INFO | poem_bot | Status check finished
2026-01-30 23:51:40 | INFO | poem_bot | Found 0 updates to process
2026-01-30 23:51:40 | INFO | poem_bot | Processing status updates finished
2026-01-30 23:51:40 | WARNING | poem_bot | 
2026-01-30 23:52:13 | INFO | poem_bot | Panel router loaded: Router '0x2522cb4bcb0'
2026-01-30 23:52:13 | INFO | poem_bot | Media router loaded: Router '0x2522cb4be00'
2026-01-30 23:52:13 | INFO | poem_bot | User router loaded: Router '0x2522cb4a120'
2026-01-30 23:52:14 | INFO | poem_bot | Processing status updates started
2026-01-30 23:52:14 | INFO | poem_bot | Status check started
2026-01-30 23:52:16 | INFO | poem_bot | Admin clicked view images
2026-01-30 23:52:18 | INFO | poem_bot | Fetched 24 rows from Google Sheets
2026-01-30 23:52:18 | WARNING | poem_bot | Row 10 skipped: missing user_id
2026-01-30 23:52:18 | INFO | poem_bot | Status check finished
2026-01-30 23:52:20 | INFO | poem_bot | Found 0 updates to process
2026-01-30 23:52:20 | INFO | poem_bot | Processing status updates finished
2026-01-30 23:52:20 | WARNING | poem_bot | 
